2025-12-06 17:02:38 [INFO] Pipeline: -----------------------------------------------
2025-12-06 17:02:38 [INFO] Pipeline: Starting module Apply User Decisions
2025-12-06 17:02:38 [INFO] Review: Applying user decisions for foods, units, and metadata
2025-12-06 17:02:38 [INFO] Pipeline: Finished module Apply User Decisions
2025-12-06 17:02:38 [INFO] Pipeline: -----------------------------------------------
2025-12-06 17:02:38 [INFO] Pipeline: Starting module Create Foods
2025-12-06 17:02:43 [INFO] httpx: HTTP Request: POST https://mealie.local/api/foods "HTTP/1.1 201 Created"
2025-12-06 17:02:43 [INFO] Create Foods: Created the food "getrocknete chinesische Morcheln" with your details (ID: 42902676-6e6f-4222-9ad5-81596d6f2f84)
2025-12-06 17:02:43 [INFO] httpx: HTTP Request: POST https://mealie.local/api/foods "HTTP/1.1 201 Created"
2025-12-06 17:02:43 [INFO] Create Foods: Created the food "Wasserkastanien" with your details (ID: 99683298-58a8-468a-8f84-c1abbe6958cc)
2025-12-06 17:02:43 [INFO] httpx: HTTP Request: POST https://mealie.local/api/foods "HTTP/1.1 201 Created"
2025-12-06 17:02:43 [INFO] Create Foods: Created the food "getrocknete chinesische Pflaumen" with your details (ID: 7160f9a6-4e8a-4fc1-aace-2cea647991a2)
2025-12-06 17:02:43 [INFO] Create Foods: Created 3 new foods in Mealie
2025-12-06 17:02:43 [INFO] Pipeline: Finished module Create Foods
2025-12-06 17:02:43 [INFO] Pipeline: -----------------------------------------------
2025-12-06 17:02:43 [INFO] Pipeline: Starting module Add Food IDs
2025-12-06 17:02:43 [INFO] Add Food IDs: Added Mealie food IDs to 3 ingredients
2025-12-06 17:02:43 [INFO] Pipeline: Finished module Add Food IDs
2025-12-06 17:02:43 [INFO] Pipeline: -----------------------------------------------
2025-12-06 17:02:43 [INFO] Pipeline: Starting module Create Units
2025-12-06 17:02:43 [INFO] Create Units: Every ingredient already has a matching Mealie unit
2025-12-06 17:02:43 [INFO] Pipeline: Finished module Create Units
2025-12-06 17:02:43 [INFO] Pipeline: -----------------------------------------------
2025-12-06 17:02:43 [INFO] Pipeline: Starting module Add Unit IDs
2025-12-06 17:02:43 [INFO] Add Unit IDs: All ingredients already had their unit IDs
2025-12-06 17:02:43 [INFO] Pipeline: Finished module Add Unit IDs
2025-12-06 17:02:43 [INFO] Pipeline: -----------------------------------------------
2025-12-06 17:02:43 [INFO] Pipeline: Starting module Create Recipe
2025-12-06 17:02:43 [INFO] Create Recipe: Preparing the data that will be sent to Mealie
2025-12-06 17:02:43 [INFO] Create Recipe: Sending recipe details to Mealie (POST /api/recipes) - payload file: pipeline/23_Mealie_POST_api_recipes_request.json
2025-12-06 17:02:48 [INFO] httpx: HTTP Request: POST https://mealie.local/api/recipes "HTTP/1.1 201 Created"
2025-12-06 17:02:48 [INFO] Create Recipe: Mealie accepted the recipe details (POST /api/recipes) - payload file: pipeline/24_Mealie_POST_api_recipes_response.json
2025-12-06 17:02:48 [INFO] Create Recipe: Created a placeholder recipe in Mealie (ente-mit-8-kostbarkeiten-1)
2025-12-06 17:02:48 [INFO] Create Recipe: Checking if the recipe already exists in Mealie (GET /api/recipes/{slug}) - payload file: pipeline/25_Mealie_GET_api_recipes_slug_request_initial.json
2025-12-06 17:02:53 [INFO] httpx: HTTP Request: GET https://mealie.local/api/recipes/ente-mit-8-kostbarkeiten-1 "HTTP/1.1 200 OK"
2025-12-06 17:02:53 [INFO] Create Recipe: Mealie responded to the initial recipe lookup (GET /api/recipes/{slug}) - payload file: pipeline/26_Mealie_GET_api_recipes_slug_response_initial.json
2025-12-06 17:02:53 [INFO] Create Recipe: Updating the recipe in Mealie (PUT /api/recipes/{slug}) - payload file: pipeline/27_Mealie_PUT_api_recipes_slug_request.json
2025-12-06 17:02:58 [INFO] httpx: HTTP Request: PUT https://mealie.local/api/recipes/ente-mit-8-kostbarkeiten-1 "HTTP/1.1 200 OK"
2025-12-06 17:02:58 [INFO] Create Recipe: Mealie confirmed the recipe update (PUT /api/recipes/{slug}) - payload file: pipeline/28_Mealie_PUT_api_recipes_slug_response.json
2025-12-06 17:02:58 [INFO] Create Recipe: Confirming the saved recipe in Mealie (GET /api/recipes/{slug}) - payload file: pipeline/29_Mealie_GET_api_recipes_slug_request_after_put.json
2025-12-06 17:03:03 [INFO] httpx: HTTP Request: GET https://mealie.local/api/recipes/ente-mit-8-kostbarkeiten-1 "HTTP/1.1 200 OK"
2025-12-06 17:03:03 [INFO] Create Recipe: Mealie returned the saved recipe details (GET /api/recipes/{slug}) - payload file: pipeline/30_Mealie_GET_api_recipes_slug_response_after_put.json
2025-12-06 17:03:03 [INFO] Create Recipe: Sending final recipe adjustments to Mealie (PATCH /api/recipes/{slug}) - payload file: pipeline/31_Mealie_PATCH_api_recipes_slug_request.json
2025-12-06 17:03:09 [INFO] httpx: HTTP Request: PATCH https://mealie.local/api/recipes/ente-mit-8-kostbarkeiten-1 "HTTP/1.1 200 OK"
2025-12-06 17:03:09 [INFO] Create Recipe: Mealie confirmed the final adjustments (PATCH /api/recipes/{slug}) - payload file: pipeline/32_Mealie_PATCH_api_recipes_slug_response.json
2025-12-06 17:03:09 [INFO] Create Recipe: Updated the recipe details and added the preparation steps
2025-12-06 17:03:09 [INFO] Create Recipe: Setting the feature image in Mealie (POST /api/recipes/{slug}/image) - payload file: pipeline/33_Mealie_POST_api_recipes_slug_image_request.json
2025-12-06 17:03:14 [INFO] httpx: HTTP Request: PUT https://mealie.local/api/recipes/ente-mit-8-kostbarkeiten-1/image "HTTP/1.1 200 OK"
2025-12-06 17:03:14 [INFO] Create Recipe: Mealie confirmed the feature image (POST /api/recipes/{slug}/image) - payload file: pipeline/34_Mealie_POST_api_recipes_slug_image_response.json
2025-12-06 17:03:14 [INFO] Create Recipe: Set the feature image for the recipe
2025-12-06 17:03:14 [INFO] Create Recipe: Uploading recipe files to Mealie (POST /api/recipes/{slug}/assets) - payload file: pipeline/35_Mealie_POST_api_recipes_slug_assets_request.json
2025-12-06 17:03:20 [INFO] httpx: HTTP Request: POST https://mealie.local/api/recipes/ente-mit-8-kostbarkeiten-1/assets "HTTP/1.1 200 OK"
2025-12-06 17:03:20 [INFO] Create Recipe: Mealie confirmed the file upload (POST /api/recipes/{slug}/assets) - payload file: pipeline/36_Mealie_POST_api_recipes_slug_assets_response.json
2025-12-06 17:03:20 [INFO] Create Recipe: Uploaded the original PDF as an attachment
2025-12-06 17:03:20 [INFO] Pipeline: Finished module Create Recipe
2025-12-06 17:03:20 [INFO] Pipeline: -----------------------------------------------
2025-12-06 17:03:20 [INFO] importer.server: Übertragung erfolgreich abgeschlossen
