2025-12-07 10:59:13 [INFO] Pipeline: -----------------------------------------------
2025-12-07 10:59:13 [INFO] Pipeline: Starting module Apply User Decisions
2025-12-07 10:59:13 [INFO] Review: Applying user decisions for foods, units, and metadata
2025-12-07 10:59:13 [INFO] Pipeline: Finished module Apply User Decisions
2025-12-07 10:59:13 [INFO] Pipeline: -----------------------------------------------
2025-12-07 10:59:13 [INFO] Pipeline: Starting module Create Foods
2025-12-07 10:59:18 [INFO] httpx: HTTP Request: POST https://mealie.local/api/foods "HTTP/1.1 201 Created"
2025-12-07 10:59:18 [INFO] Create Foods: Created the food "rote Chilischote" with your details (ID: 8d502506-56a9-419e-ab38-1e42328ea6e7)
2025-12-07 10:59:18 [INFO] httpx: HTTP Request: POST https://mealie.local/api/foods "HTTP/1.1 201 Created"
2025-12-07 10:59:19 [INFO] Create Foods: Created the food "Maiskörner" with your details (ID: 3e8f3450-ac1f-4873-9620-52b963a2bf58)
2025-12-07 10:59:19 [INFO] httpx: HTTP Request: POST https://mealie.local/api/foods "HTTP/1.1 201 Created"
2025-12-07 10:59:19 [INFO] Create Foods: Created the food "Toastbrot" with your details (ID: 74b503ea-7395-4206-8c7f-aaf602a5ed58)
2025-12-07 10:59:19 [INFO] httpx: HTTP Request: POST https://mealie.local/api/foods "HTTP/1.1 201 Created"
2025-12-07 10:59:19 [INFO] Create Foods: Created the food "Ei" with your details (ID: a0e76887-2e2e-4e49-9f3f-164d543955bb)
2025-12-07 10:59:19 [INFO] httpx: HTTP Request: POST https://mealie.local/api/foods "HTTP/1.1 201 Created"
2025-12-07 10:59:19 [INFO] Create Foods: Created the food "Mett" with your details (ID: 86c7a6a8-5251-46dd-a688-76e83bd2eaf5)
2025-12-07 10:59:19 [INFO] httpx: HTTP Request: POST https://mealie.local/api/foods "HTTP/1.1 201 Created"
2025-12-07 10:59:19 [INFO] Create Foods: Created the food "Öl" with your details (ID: 7a8beff8-4bcb-437c-b7fb-1a2b53e55aab)
2025-12-07 10:59:19 [INFO] Create Foods: Created 6 new foods in Mealie
2025-12-07 10:59:19 [INFO] Pipeline: Finished module Create Foods
2025-12-07 10:59:19 [INFO] Pipeline: -----------------------------------------------
2025-12-07 10:59:19 [INFO] Pipeline: Starting module Add Food IDs
2025-12-07 10:59:19 [INFO] Add Food IDs: Added Mealie food IDs to 6 ingredients
2025-12-07 10:59:19 [INFO] Pipeline: Finished module Add Food IDs
2025-12-07 10:59:19 [INFO] Pipeline: -----------------------------------------------
2025-12-07 10:59:19 [INFO] Pipeline: Starting module Create Units
2025-12-07 10:59:19 [INFO] Create Units: Every ingredient already has a matching Mealie unit
2025-12-07 10:59:19 [INFO] Pipeline: Finished module Create Units
2025-12-07 10:59:19 [INFO] Pipeline: -----------------------------------------------
2025-12-07 10:59:19 [INFO] Pipeline: Starting module Add Unit IDs
2025-12-07 10:59:19 [INFO] Add Unit IDs: All ingredients already had their unit IDs
2025-12-07 10:59:19 [INFO] Pipeline: Finished module Add Unit IDs
2025-12-07 10:59:19 [INFO] Pipeline: -----------------------------------------------
2025-12-07 10:59:19 [INFO] Pipeline: Starting module Create Recipe
2025-12-07 10:59:19 [INFO] Create Recipe: Preparing the data that will be sent to Mealie
2025-12-07 10:59:19 [INFO] Create Recipe: Sending recipe details to Mealie (POST /api/recipes) - payload file: pipeline/32_Mealie_POST_api_recipes_request.json
2025-12-07 10:59:24 [INFO] httpx: HTTP Request: POST https://mealie.local/api/recipes "HTTP/1.1 201 Created"
2025-12-07 10:59:24 [INFO] Create Recipe: Mealie accepted the recipe details (POST /api/recipes) - payload file: pipeline/33_Mealie_POST_api_recipes_response.json
2025-12-07 10:59:24 [INFO] Create Recipe: Created a placeholder recipe in Mealie (westernballchen)
2025-12-07 10:59:24 [INFO] Create Recipe: Checking if the recipe already exists in Mealie (GET /api/recipes/{slug}) - payload file: pipeline/34_Mealie_GET_api_recipes_slug_request_initial.json
2025-12-07 10:59:29 [INFO] httpx: HTTP Request: GET https://mealie.local/api/recipes/westernballchen "HTTP/1.1 200 OK"
2025-12-07 10:59:29 [INFO] Create Recipe: Mealie responded to the initial recipe lookup (GET /api/recipes/{slug}) - payload file: pipeline/35_Mealie_GET_api_recipes_slug_response_initial.json
2025-12-07 10:59:29 [INFO] Create Recipe: Updating the recipe in Mealie (PUT /api/recipes/{slug}) - payload file: pipeline/36_Mealie_PUT_api_recipes_slug_request.json
2025-12-07 10:59:34 [INFO] httpx: HTTP Request: PUT https://mealie.local/api/recipes/westernballchen "HTTP/1.1 200 OK"
2025-12-07 10:59:34 [INFO] Create Recipe: Mealie confirmed the recipe update (PUT /api/recipes/{slug}) - payload file: pipeline/37_Mealie_PUT_api_recipes_slug_response.json
2025-12-07 10:59:34 [INFO] Create Recipe: Confirming the saved recipe in Mealie (GET /api/recipes/{slug}) - payload file: pipeline/38_Mealie_GET_api_recipes_slug_request_after_put.json
2025-12-07 10:59:39 [INFO] httpx: HTTP Request: GET https://mealie.local/api/recipes/westernballchen "HTTP/1.1 200 OK"
2025-12-07 10:59:39 [INFO] Create Recipe: Mealie returned the saved recipe details (GET /api/recipes/{slug}) - payload file: pipeline/39_Mealie_GET_api_recipes_slug_response_after_put.json
2025-12-07 10:59:39 [INFO] Create Recipe: Sending final recipe adjustments to Mealie (PATCH /api/recipes/{slug}) - payload file: pipeline/40_Mealie_PATCH_api_recipes_slug_request.json
2025-12-07 10:59:44 [INFO] httpx: HTTP Request: PATCH https://mealie.local/api/recipes/westernballchen "HTTP/1.1 200 OK"
2025-12-07 10:59:44 [INFO] Create Recipe: Mealie confirmed the final adjustments (PATCH /api/recipes/{slug}) - payload file: pipeline/41_Mealie_PATCH_api_recipes_slug_response.json
2025-12-07 10:59:44 [INFO] Create Recipe: Updated the recipe details and added the preparation steps
2025-12-07 10:59:44 [INFO] Create Recipe: Setting the feature image in Mealie (POST /api/recipes/{slug}/image) - payload file: pipeline/42_Mealie_POST_api_recipes_slug_image_request.json
2025-12-07 10:59:50 [INFO] httpx: HTTP Request: PUT https://mealie.local/api/recipes/westernballchen/image "HTTP/1.1 200 OK"
2025-12-07 10:59:50 [INFO] Create Recipe: Mealie confirmed the feature image (POST /api/recipes/{slug}/image) - payload file: pipeline/43_Mealie_POST_api_recipes_slug_image_response.json
2025-12-07 10:59:50 [INFO] Create Recipe: Set the feature image for the recipe
2025-12-07 10:59:50 [INFO] Create Recipe: Uploading recipe files to Mealie (POST /api/recipes/{slug}/assets) - payload file: pipeline/44_Mealie_POST_api_recipes_slug_assets_request.json
2025-12-07 10:59:55 [INFO] httpx: HTTP Request: POST https://mealie.local/api/recipes/westernballchen/assets "HTTP/1.1 200 OK"
2025-12-07 10:59:55 [INFO] Create Recipe: Mealie confirmed the file upload (POST /api/recipes/{slug}/assets) - payload file: pipeline/45_Mealie_POST_api_recipes_slug_assets_response.json
2025-12-07 10:59:55 [INFO] Create Recipe: Uploaded the original PDF as an attachment
2025-12-07 10:59:55 [INFO] Pipeline: Finished module Create Recipe
2025-12-07 10:59:55 [INFO] Pipeline: -----------------------------------------------
2025-12-07 10:59:55 [INFO] importer.server: Übertragung erfolgreich abgeschlossen
