2025-11-16 14:17:09 [INFO] Pipeline: -----------------------------------------------
2025-11-16 14:17:09 [INFO] Pipeline: Starting module Apply User Decisions
2025-11-16 14:17:09 [INFO] Review: Applying user decisions for foods, units, and metadata
2025-11-16 14:17:09 [INFO] Pipeline: Finished module Apply User Decisions
2025-11-16 14:17:09 [INFO] Pipeline: -----------------------------------------------
2025-11-16 14:17:09 [INFO] Pipeline: Starting module Create Foods
2025-11-16 14:17:14 [INFO] httpx: HTTP Request: POST https://mealie.local/api/foods "HTTP/1.1 201 Created"
2025-11-16 14:17:14 [INFO] Create Foods: Created the food "Salat-Mayonnaise" with your details (ID: d9c19105-2363-411d-b3c8-12e74deba82e)
2025-11-16 14:17:15 [INFO] httpx: HTTP Request: POST https://mealie.local/api/foods "HTTP/1.1 201 Created"
2025-11-16 14:17:15 [INFO] Create Foods: Created the food "Saure Sahne" with your details (ID: a0ac0082-8ef1-4462-8fbc-51cde41371b9)
2025-11-16 14:17:15 [INFO] httpx: HTTP Request: POST https://mealie.local/api/foods "HTTP/1.1 201 Created"
2025-11-16 14:17:15 [INFO] Create Foods: Created the food "Abgeriebene Schale von Zitrone" with your details (ID: 863eab63-a067-4e4d-9bbd-3bc88ae77955)
2025-11-16 14:17:15 [INFO] httpx: HTTP Request: POST https://mealie.local/api/foods "HTTP/1.1 201 Created"
2025-11-16 14:17:15 [INFO] Create Foods: Created the food "Zucker" with your details (ID: 8ba7ccd4-bf48-4e61-9aa4-2af9cf62fb90)
2025-11-16 14:17:15 [INFO] httpx: HTTP Request: POST https://mealie.local/api/foods "HTTP/1.1 201 Created"
2025-11-16 14:17:15 [INFO] Create Foods: Created the food "Thymianblättchen" with your details (ID: a884cc29-5a5f-4298-b0c7-2a7c5d4c5a6e)
2025-11-16 14:17:15 [INFO] Create Foods: Created 5 new foods in Mealie
2025-11-16 14:17:15 [INFO] Pipeline: Finished module Create Foods
2025-11-16 14:17:15 [INFO] Pipeline: -----------------------------------------------
2025-11-16 14:17:15 [INFO] Pipeline: Starting module Add Food IDs
2025-11-16 14:17:15 [INFO] Add Food IDs: Added Mealie food IDs to 5 ingredients
2025-11-16 14:17:15 [INFO] Pipeline: Finished module Add Food IDs
2025-11-16 14:17:15 [INFO] Pipeline: -----------------------------------------------
2025-11-16 14:17:15 [INFO] Pipeline: Starting module Create Units
2025-11-16 14:17:15 [INFO] Create Units: Every ingredient already has a matching Mealie unit
2025-11-16 14:17:15 [INFO] Pipeline: Finished module Create Units
2025-11-16 14:17:15 [INFO] Pipeline: -----------------------------------------------
2025-11-16 14:17:15 [INFO] Pipeline: Starting module Add Unit IDs
2025-11-16 14:17:15 [INFO] Add Unit IDs: All ingredients already had their unit IDs
2025-11-16 14:17:15 [INFO] Pipeline: Finished module Add Unit IDs
2025-11-16 14:17:15 [INFO] Pipeline: -----------------------------------------------
2025-11-16 14:17:15 [INFO] Pipeline: Starting module Create Recipe
2025-11-16 14:17:15 [INFO] Create Recipe: Preparing the data that will be sent to Mealie
2025-11-16 14:17:15 [INFO] Create Recipe: Sending recipe details to Mealie (POST /api/recipes) - payload file: pipeline/16_Mealie_POST_api_recipes_request.json
2025-11-16 14:17:20 [INFO] httpx: HTTP Request: POST https://mealie.local/api/recipes "HTTP/1.1 201 Created"
2025-11-16 14:17:20 [INFO] Create Recipe: Mealie accepted the recipe details (POST /api/recipes) - payload file: pipeline/17_Mealie_POST_api_recipes_response.json
2025-11-16 14:17:20 [INFO] Create Recipe: Created a placeholder recipe in Mealie (hahnchen-saltimbocca)
2025-11-16 14:17:20 [INFO] Create Recipe: Checking if the recipe already exists in Mealie (GET /api/recipes/{slug}) - payload file: pipeline/18_Mealie_GET_api_recipes_slug_request_initial.json
2025-11-16 14:17:25 [INFO] httpx: HTTP Request: GET https://mealie.local/api/recipes/hahnchen-saltimbocca "HTTP/1.1 200 OK"
2025-11-16 14:17:25 [INFO] Create Recipe: Mealie responded to the initial recipe lookup (GET /api/recipes/{slug}) - payload file: pipeline/19_Mealie_GET_api_recipes_slug_response_initial.json
2025-11-16 14:17:25 [INFO] Create Recipe: Updating the recipe in Mealie (PUT /api/recipes/{slug}) - payload file: pipeline/20_Mealie_PUT_api_recipes_slug_request.json
2025-11-16 14:17:30 [INFO] httpx: HTTP Request: PUT https://mealie.local/api/recipes/hahnchen-saltimbocca "HTTP/1.1 200 OK"
2025-11-16 14:17:30 [INFO] Create Recipe: Mealie confirmed the recipe update (PUT /api/recipes/{slug}) - payload file: pipeline/21_Mealie_PUT_api_recipes_slug_response.json
2025-11-16 14:17:30 [INFO] Create Recipe: Confirming the saved recipe in Mealie (GET /api/recipes/{slug}) - payload file: pipeline/22_Mealie_GET_api_recipes_slug_request_after_put.json
2025-11-16 14:17:35 [INFO] httpx: HTTP Request: GET https://mealie.local/api/recipes/hahnchen-saltimbocca "HTTP/1.1 200 OK"
2025-11-16 14:17:35 [INFO] Create Recipe: Mealie returned the saved recipe details (GET /api/recipes/{slug}) - payload file: pipeline/23_Mealie_GET_api_recipes_slug_response_after_put.json
2025-11-16 14:17:35 [INFO] Create Recipe: Sending final recipe adjustments to Mealie (PATCH /api/recipes/{slug}) - payload file: pipeline/24_Mealie_PATCH_api_recipes_slug_request.json
2025-11-16 14:17:40 [INFO] httpx: HTTP Request: PATCH https://mealie.local/api/recipes/hahnchen-saltimbocca "HTTP/1.1 200 OK"
2025-11-16 14:17:40 [INFO] Create Recipe: Mealie confirmed the final adjustments (PATCH /api/recipes/{slug}) - payload file: pipeline/25_Mealie_PATCH_api_recipes_slug_response.json
2025-11-16 14:17:40 [INFO] Create Recipe: Updated the recipe details and added the preparation steps
2025-11-16 14:17:40 [INFO] Create Recipe: Setting the feature image in Mealie (POST /api/recipes/{slug}/image) - payload file: pipeline/26_Mealie_POST_api_recipes_slug_image_request.json
2025-11-16 14:17:45 [INFO] httpx: HTTP Request: PUT https://mealie.local/api/recipes/hahnchen-saltimbocca/image "HTTP/1.1 200 OK"
2025-11-16 14:17:45 [INFO] Create Recipe: Mealie confirmed the feature image (POST /api/recipes/{slug}/image) - payload file: pipeline/27_Mealie_POST_api_recipes_slug_image_response.json
2025-11-16 14:17:45 [INFO] Create Recipe: Set the feature image for the recipe
2025-11-16 14:17:45 [INFO] Create Recipe: Uploading recipe files to Mealie (POST /api/recipes/{slug}/assets) - payload file: pipeline/28_Mealie_POST_api_recipes_slug_assets_request.json
2025-11-16 14:17:51 [INFO] httpx: HTTP Request: POST https://mealie.local/api/recipes/hahnchen-saltimbocca/assets "HTTP/1.1 200 OK"
2025-11-16 14:17:51 [INFO] Create Recipe: Mealie confirmed the file upload (POST /api/recipes/{slug}/assets) - payload file: pipeline/29_Mealie_POST_api_recipes_slug_assets_response.json
2025-11-16 14:17:51 [INFO] Create Recipe: Uploaded the original PDF as an attachment
2025-11-16 14:17:51 [INFO] Pipeline: Finished module Create Recipe
2025-11-16 14:17:51 [INFO] Pipeline: -----------------------------------------------
2025-11-16 14:17:51 [INFO] importer.server: Übertragung erfolgreich abgeschlossen
